// Jest Snapshot v1, https://goo.gl/fbAQLP

exports[`rux-icon renders 1`] = `
<rux-icon icon="360" size="normal">
  <mock:shadow-root>
    <rux-icon-360 class="icon" part="icon" size="normal" title="360"></rux-icon-360>
  </mock:shadow-root>
</rux-icon>
`;
